{
  "mcp": {
    "allowed": [
      "docs",
      "lint"
    ]
  },
  "mcpServers": {
    "docs": {
      "headers": {
        "X-Org": "acme"
      },
      "httpUrl": "https://mcp.example.com/docs"
    },
    "lint": {
      "args": [
        "-y",
        "lint-mcp"
      ],
      "command": "npx"
    }
  },
  "model": {
    "name": "halo-sonnet"
  },
  "security": {
    "auth": {
      "enforcedType": "gemini-api-key"
    },
    "disableYoloMode": true
  },
  "telemetry": {
    "enabled": true,
    "logPrompts": true,
    "otlpEndpoint": "https://otel.example.com:4317",
    "otlpProtocol": "grpc",
    "target": "local"
  }
}
